Starting pipeline...

==========================================================================================
Running 001_Download.ipynb
==========================================================================================
  > [
  > "d_8b84c4ee58e3cfc0ece0d773c8ca6abc",
  > "d_43f493c6c50d54243cc1eab0df142d6a",
  > "d_2d5ff9ea31397b66239f245f57751537",
  > "d_ebc5ab87086db484f88045b47411ebc5",
  > "d_ea9ed51da2787afaf8e51f827c304208"
  > ]
  > {'code': 0, 'data': {'status': 'DOWNLOAD_SUCCESS', 'url': 'https://s3.ap-southeast-1.amazonaws.com/table-downloads-ingest.data.gov.sg/d_8b84c4ee58e3cfc0ece0d773c8ca6abc/6f8109f7bce05c219b3825a999cc7f3a02cbc19fe536138a5eaf86bfe6d8711f.csv?AWSAccessKeyId=ASIAU7LWPY2WAYCVXCXK&Expires=1788581921&Signature=J7WThLQwkO9%2B%2F3XC4Do%2Blko29ec%3D&X-Amzn-Trace-Id=Root%3D1-6a9b8a11-2d9ba7c72bb19d636b9044f1%3BParent%3Dedc28ea2bf18c82a%3BSampled%3D0%3BLineage%3D1%3Affb76583%3A0&response-content-disposition=attachment%3B%20filename%3D%22ResaleflatpricesbasedonregistrationdatefromJan2017onwards.csv%22&x-amz-security-token=IQoJb3JpZ2luX2VjEDoaDmFwLXNvdXRoZWFzdC0xIkgwRgIhAIo7i%2BYhRyCQK%2FEvyAnifKmnMyPIHQX0Ybg1D%2F7OUejCAiEAsiEM2cH7Zvkm%2FAUtH7P4CWVGnsyaBGzmm6OPz3XmrycquwQIAxAEGgwzNDIyMzUyNjg3ODAiDCJG2O14cs%2F8IPwTkyqYBCvCMmRwUjWhfSC0Ykv%2FQjd8l%2F1NYueT%2FGDKiiciGNNivlwtntEi%2BJBU19AN6xRFC6dM4YuBNSp%2FnR909%2FPXyjTV%2BGRtA8%2BWC5t44nQDArCXR0vTHyjJmypQD6LdXNBwciJXFGgU9iiyllTMTvM6M%2BC%2FeUxQd%2F4qJX9zyq7E1L998e%2Bh6PFbZFv5QcHv6w8a%2B1tnrJqowfCCm9nmg8sQ1qnCnmJ8yB4a%2F%2Baaaath1fl5Bx6EwxUf2z8jLCUODaYbxh0VHqziapPuCpJaCg4HKjuQU7XoRn2b3dQdMIrrxFqLp2JD%2BGiEGF4DIzdcnqwxvKfxgssHlUWMYSL2%2BmfXSuYdxG6XJ2B%2BZXY3jzH37L656uUecG7UxLTbTQWLoVZM2nPN%2FrQAW9Dr0rCj8eExQlXvNRS%2BKKtIEk4OFO9arHtegruR5rME83P3JC0rYYXzsYbGhtF7HEaDd2TqRqsLzDMy%2B1wJbi%2BbX%2FPysaPETH7D61WCvkygu9rmAO8pX%2Fc%2Bk5i1lpIwRL64tbkHxse%2FlTO2nx1cF8Rj5UtKnKgmEeO348ERgV5VD7iqcmCyaeLLjdBeMvoqQUmFBeOXWd88eu1fRfNQO4P64KbaHR7M2XJ7qnrXt%2FuFsnv%2B7Vo7Od26phakNK%2FFnELMudQriFCOm8YtMUs1d6Xdx6%2FETGvM1k%2Bc0wcjHU5xvYdmYuJVbR2POHzlGJVboCodMPLo7dQGOqEBRitjdpnBg5LAYvc7CsL8h8NZYMsvX%2FEcUfP1%2BRlCyMP%2FoOFEUIXsTeElmxJSABO%2FWLBsAx%2FtmgV9%2F5A%2Bg9LNKeoNHqE2IguNQGURY1Cvey8vaBtnaGY55cQ%2FhZRr9FDZvNYT7iAbYqrsioPEsOuTnnv%2B0MCtyKGpp8Rvs%2B8ehMmCeTUb1z2czcNs8uqHgFJzbK2N7AOdVxZn4Sl4Nxdcriw%3D'}, 'errorMsg': ''}
  > Download URL : https://s3.ap-southeast-1.amazonaws.com/table-downloads-ingest.data.gov.sg/d_8b84c4ee58e3cfc0ece0d773c8ca6abc/6f8109f7bce05c219b3825a999cc7f3a02cbc19fe536138a5eaf86bfe6d8711f.csv?AWSAccessKeyId=ASIAU7LWPY2WAYCVXCXK&Expires=1788581921&Signature=J7WThLQwkO9%2B%2F3XC4Do%2Blko29ec%3D&X-Amzn-Trace-Id=Root%3D1-6a9b8a11-2d9ba7c72bb19d636b9044f1%3BParent%3Dedc28ea2bf18c82a%3BSampled%3D0%3BLineage%3D1%3Affb76583%3A0&response-content-disposition=attachment%3B%20filename%3D%22ResaleflatpricesbasedonregistrationdatefromJan2017onwards.csv%22&x-amz-security-token=IQoJb3JpZ2luX2VjEDoaDmFwLXNvdXRoZWFzdC0xIkgwRgIhAIo7i%2BYhRyCQK%2FEvyAnifKmnMyPIHQX0Ybg1D%2F7OUejCAiEAsiEM2cH7Zvkm%2FAUtH7P4CWVGnsyaBGzmm6OPz3XmrycquwQIAxAEGgwzNDIyMzUyNjg3ODAiDCJG2O14cs%2F8IPwTkyqYBCvCMmRwUjWhfSC0Ykv%2FQjd8l%2F1NYueT%2FGDKiiciGNNivlwtntEi%2BJBU19AN6xRFC6dM4YuBNSp%2FnR909%2FPXyjTV%2BGRtA8%2BWC5t44nQDArCXR0vTHyjJmypQD6LdXNBwciJXFGgU9iiyllTMTvM6M%2BC%2FeUxQd%2F4qJX9zyq7E1L998e%2Bh6PFbZFv5QcHv6w8a%2B1tnrJqowfCCm9nmg8sQ1qnCnmJ8yB4a%2F%2Baaaath1fl5Bx6EwxUf2z8jLCUODaYbxh0VHqziapPuCpJaCg4HKjuQU7XoRn2b3dQdMIrrxFqLp2JD%2BGiEGF4DIzdcnqwxvKfxgssHlUWMYSL2%2BmfXSuYdxG6XJ2B%2BZXY3jzH37L656uUecG7UxLTbTQWLoVZM2nPN%2FrQAW9Dr0rCj8eExQlXvNRS%2BKKtIEk4OFO9arHtegruR5rME83P3JC0rYYXzsYbGhtF7HEaDd2TqRqsLzDMy%2B1wJbi%2BbX%2FPysaPETH7D61WCvkygu9rmAO8pX%2Fc%2Bk5i1lpIwRL64tbkHxse%2FlTO2nx1cF8Rj5UtKnKgmEeO348ERgV5VD7iqcmCyaeLLjdBeMvoqQUmFBeOXWd88eu1fRfNQO4P64KbaHR7M2XJ7qnrXt%2FuFsnv%2B7Vo7Od26phakNK%2FFnELMudQriFCOm8YtMUs1d6Xdx6%2FETGvM1k%2Bc0wcjHU5xvYdmYuJVbR2POHzlGJVboCodMPLo7dQGOqEBRitjdpnBg5LAYvc7CsL8h8NZYMsvX%2FEcUfP1%2BRlCyMP%2FoOFEUIXsTeElmxJSABO%2FWLBsAx%2FtmgV9%2F5A%2Bg9LNKeoNHqE2IguNQGURY1Cvey8vaBtnaGY55cQ%2FhZRr9FDZvNYT7iAbYqrsioPEsOuTnnv%2B0MCtyKGpp8Rvs%2B8ehMmCeTUb1z2czcNs8uqHgFJzbK2N7AOdVxZn4Sl4Nxdcriw%3D
  > Success! Saved to: data\Raw\ResaleflatpricesbasedonregistrationdatefromJan2017onwards.csv
  > {'code': 0, 'data': {'status': 'DOWNLOAD_SUCCESS', 'url': 'https://s3.ap-southeast-1.amazonaws.com/table-downloads-ingest.data.gov.sg/d_43f493c6c50d54243cc1eab0df142d6a/98c951482dad320aa1f84a66961b1d885acc1e5a50e923d797e32a5988d14b75.csv?AWSAccessKeyId=ASIAU7LWPY2WAYCVXCXK&Expires=1788581923&Signature=mQzuJGzZWLTnMhT3rgdpf32em6U%3D&X-Amzn-Trace-Id=Root%3D1-6a9b8a13-526097797fb3b9047362d0a3%3BParent%3D4b3b4ee65013cabe%3BSampled%3D0%3BLineage%3D1%3Affb76583%3A0&response-content-disposition=attachment%3B%20filename%3D%22ResaleFlatPricesBasedonApprovalDate2000Feb2012.csv%22&x-amz-security-token=IQoJb3JpZ2luX2VjEDoaDmFwLXNvdXRoZWFzdC0xIkgwRgIhAIo7i%2BYhRyCQK%2FEvyAnifKmnMyPIHQX0Ybg1D%2F7OUejCAiEAsiEM2cH7Zvkm%2FAUtH7P4CWVGnsyaBGzmm6OPz3XmrycquwQIAxAEGgwzNDIyMzUyNjg3ODAiDCJG2O14cs%2F8IPwTkyqYBCvCMmRwUjWhfSC0Ykv%2FQjd8l%2F1NYueT%2FGDKiiciGNNivlwtntEi%2BJBU19AN6xRFC6dM4YuBNSp%2FnR909%2FPXyjTV%2BGRtA8%2BWC5t44nQDArCXR0vTHyjJmypQD6LdXNBwciJXFGgU9iiyllTMTvM6M%2BC%2FeUxQd%2F4qJX9zyq7E1L998e%2Bh6PFbZFv5QcHv6w8a%2B1tnrJqowfCCm9nmg8sQ1qnCnmJ8yB4a%2F%2Baaaath1fl5Bx6EwxUf2z8jLCUODaYbxh0VHqziapPuCpJaCg4HKjuQU7XoRn2b3dQdMIrrxFqLp2JD%2BGiEGF4DIzdcnqwxvKfxgssHlUWMYSL2%2BmfXSuYdxG6XJ2B%2BZXY3jzH37L656uUecG7UxLTbTQWLoVZM2nPN%2FrQAW9Dr0rCj8eExQlXvNRS%2BKKtIEk4OFO9arHtegruR5rME83P3JC0rYYXzsYbGhtF7HEaDd2TqRqsLzDMy%2B1wJbi%2BbX%2FPysaPETH7D61WCvkygu9rmAO8pX%2Fc%2Bk5i1lpIwRL64tbkHxse%2FlTO2nx1cF8Rj5UtKnKgmEeO348ERgV5VD7iqcmCyaeLLjdBeMvoqQUmFBeOXWd88eu1fRfNQO4P64KbaHR7M2XJ7qnrXt%2FuFsnv%2B7Vo7Od26phakNK%2FFnELMudQriFCOm8YtMUs1d6Xdx6%2FETGvM1k%2Bc0wcjHU5xvYdmYuJVbR2POHzlGJVboCodMPLo7dQGOqEBRitjdpnBg5LAYvc7CsL8h8NZYMsvX%2FEcUfP1%2BRlCyMP%2FoOFEUIXsTeElmxJSABO%2FWLBsAx%2FtmgV9%2F5A%2Bg9LNKeoNHqE2IguNQGURY1Cvey8vaBtnaGY55cQ%2FhZRr9FDZvNYT7iAbYqrsioPEsOuTnnv%2B0MCtyKGpp8Rvs%2B8ehMmCeTUb1z2czcNs8uqHgFJzbK2N7AOdVxZn4Sl4Nxdcriw%3D'}, 'errorMsg': ''}
  > Download URL : https://s3.ap-southeast-1.amazonaws.com/table-downloads-ingest.data.gov.sg/d_43f493c6c50d54243cc1eab0df142d6a/98c951482dad320aa1f84a66961b1d885acc1e5a50e923d797e32a5988d14b75.csv?AWSAccessKeyId=ASIAU7LWPY2WAYCVXCXK&Expires=1788581923&Signature=mQzuJGzZWLTnMhT3rgdpf32em6U%3D&X-Amzn-Trace-Id=Root%3D1-6a9b8a13-526097797fb3b9047362d0a3%3BParent%3D4b3b4ee65013cabe%3BSampled%3D0%3BLineage%3D1%3Affb76583%3A0&response-content-disposition=attachment%3B%20filename%3D%22ResaleFlatPricesBasedonApprovalDate2000Feb2012.csv%22&x-amz-security-token=IQoJb3JpZ2luX2VjEDoaDmFwLXNvdXRoZWFzdC0xIkgwRgIhAIo7i%2BYhRyCQK%2FEvyAnifKmnMyPIHQX0Ybg1D%2F7OUejCAiEAsiEM2cH7Zvkm%2FAUtH7P4CWVGnsyaBGzmm6OPz3XmrycquwQIAxAEGgwzNDIyMzUyNjg3ODAiDCJG2O14cs%2F8IPwTkyqYBCvCMmRwUjWhfSC0Ykv%2FQjd8l%2F1NYueT%2FGDKiiciGNNivlwtntEi%2BJBU19AN6xRFC6dM4YuBNSp%2FnR909%2FPXyjTV%2BGRtA8%2BWC5t44nQDArCXR0vTHyjJmypQD6LdXNBwciJXFGgU9iiyllTMTvM6M%2BC%2FeUxQd%2F4qJX9zyq7E1L998e%2Bh6PFbZFv5QcHv6w8a%2B1tnrJqowfCCm9nmg8sQ1qnCnmJ8yB4a%2F%2Baaaath1fl5Bx6EwxUf2z8jLCUODaYbxh0VHqziapPuCpJaCg4HKjuQU7XoRn2b3dQdMIrrxFqLp2JD%2BGiEGF4DIzdcnqwxvKfxgssHlUWMYSL2%2BmfXSuYdxG6XJ2B%2BZXY3jzH37L656uUecG7UxLTbTQWLoVZM2nPN%2FrQAW9Dr0rCj8eExQlXvNRS%2BKKtIEk4OFO9arHtegruR5rME83P3JC0rYYXzsYbGhtF7HEaDd2TqRqsLzDMy%2B1wJbi%2BbX%2FPysaPETH7D61WCvkygu9rmAO8pX%2Fc%2Bk5i1lpIwRL64tbkHxse%2FlTO2nx1cF8Rj5UtKnKgmEeO348ERgV5VD7iqcmCyaeLLjdBeMvoqQUmFBeOXWd88eu1fRfNQO4P64KbaHR7M2XJ7qnrXt%2FuFsnv%2B7Vo7Od26phakNK%2FFnELMudQriFCOm8YtMUs1d6Xdx6%2FETGvM1k%2Bc0wcjHU5xvYdmYuJVbR2POHzlGJVboCodMPLo7dQGOqEBRitjdpnBg5LAYvc7CsL8h8NZYMsvX%2FEcUfP1%2BRlCyMP%2FoOFEUIXsTeElmxJSABO%2FWLBsAx%2FtmgV9%2F5A%2Bg9LNKeoNHqE2IguNQGURY1Cvey8vaBtnaGY55cQ%2FhZRr9FDZvNYT7iAbYqrsioPEsOuTnnv%2B0MCtyKGpp8Rvs%2B8ehMmCeTUb1z2czcNs8uqHgFJzbK2N7AOdVxZn4Sl4Nxdcriw%3D
  > Success! Saved to: data\Raw\ResaleFlatPricesBasedonApprovalDate2000Feb2012.csv
  > {'code': 0, 'data': {'status': 'DOWNLOAD_SUCCESS', 'url': 'https://s3.ap-southeast-1.amazonaws.com/table-downloads-ingest.data.gov.sg/d_2d5ff9ea31397b66239f245f57751537/89c9b958f7e52a1c0ad9763e0e0e63f06d777007346366bc293e3c395e552bd7.csv?AWSAccessKeyId=ASIAU7LWPY2WAYCVXCXK&Expires=1788581926&Signature=B8twT1ip%2F8uzYimJCI%2FNlTKLJUQ%3D&X-Amzn-Trace-Id=Root%3D1-6a9b8a15-7ea0ff53178d032c60d9b6a4%3BParent%3D021c977d2b5f684d%3BSampled%3D0%3BLineage%3D1%3Affb76583%3A0&response-content-disposition=attachment%3B%20filename%3D%22ResaleFlatPricesBasedonRegistrationDateFromMar2012toDec2014.csv%22&x-amz-security-token=IQoJb3JpZ2luX2VjEDoaDmFwLXNvdXRoZWFzdC0xIkgwRgIhAIo7i%2BYhRyCQK%2FEvyAnifKmnMyPIHQX0Ybg1D%2F7OUejCAiEAsiEM2cH7Zvkm%2FAUtH7P4CWVGnsyaBGzmm6OPz3XmrycquwQIAxAEGgwzNDIyMzUyNjg3ODAiDCJG2O14cs%2F8IPwTkyqYBCvCMmRwUjWhfSC0Ykv%2FQjd8l%2F1NYueT%2FGDKiiciGNNivlwtntEi%2BJBU19AN6xRFC6dM4YuBNSp%2FnR909%2FPXyjTV%2BGRtA8%2BWC5t44nQDArCXR0vTHyjJmypQD6LdXNBwciJXFGgU9iiyllTMTvM6M%2BC%2FeUxQd%2F4qJX9zyq7E1L998e%2Bh6PFbZFv5QcHv6w8a%2B1tnrJqowfCCm9nmg8sQ1qnCnmJ8yB4a%2F%2Baaaath1fl5Bx6EwxUf2z8jLCUODaYbxh0VHqziapPuCpJaCg4HKjuQU7XoRn2b3dQdMIrrxFqLp2JD%2BGiEGF4DIzdcnqwxvKfxgssHlUWMYSL2%2BmfXSuYdxG6XJ2B%2BZXY3jzH37L656uUecG7UxLTbTQWLoVZM2nPN%2FrQAW9Dr0rCj8eExQlXvNRS%2BKKtIEk4OFO9arHtegruR5rME83P3JC0rYYXzsYbGhtF7HEaDd2TqRqsLzDMy%2B1wJbi%2BbX%2FPysaPETH7D61WCvkygu9rmAO8pX%2Fc%2Bk5i1lpIwRL64tbkHxse%2FlTO2nx1cF8Rj5UtKnKgmEeO348ERgV5VD7iqcmCyaeLLjdBeMvoqQUmFBeOXWd88eu1fRfNQO4P64KbaHR7M2XJ7qnrXt%2FuFsnv%2B7Vo7Od26phakNK%2FFnELMudQriFCOm8YtMUs1d6Xdx6%2FETGvM1k%2Bc0wcjHU5xvYdmYuJVbR2POHzlGJVboCodMPLo7dQGOqEBRitjdpnBg5LAYvc7CsL8h8NZYMsvX%2FEcUfP1%2BRlCyMP%2FoOFEUIXsTeElmxJSABO%2FWLBsAx%2FtmgV9%2F5A%2Bg9LNKeoNHqE2IguNQGURY1Cvey8vaBtnaGY55cQ%2FhZRr9FDZvNYT7iAbYqrsioPEsOuTnnv%2B0MCtyKGpp8Rvs%2B8ehMmCeTUb1z2czcNs8uqHgFJzbK2N7AOdVxZn4Sl4Nxdcriw%3D'}, 'errorMsg': ''}
  > Download URL : https://s3.ap-southeast-1.amazonaws.com/table-downloads-ingest.data.gov.sg/d_2d5ff9ea31397b66239f245f57751537/89c9b958f7e52a1c0ad9763e0e0e63f06d777007346366bc293e3c395e552bd7.csv?AWSAccessKeyId=ASIAU7LWPY2WAYCVXCXK&Expires=1788581926&Signature=B8twT1ip%2F8uzYimJCI%2FNlTKLJUQ%3D&X-Amzn-Trace-Id=Root%3D1-6a9b8a15-7ea0ff53178d032c60d9b6a4%3BParent%3D021c977d2b5f684d%3BSampled%3D0%3BLineage%3D1%3Affb76583%3A0&response-content-disposition=attachment%3B%20filename%3D%22ResaleFlatPricesBasedonRegistrationDateFromMar2012toDec2014.csv%22&x-amz-security-token=IQoJb3JpZ2luX2VjEDoaDmFwLXNvdXRoZWFzdC0xIkgwRgIhAIo7i%2BYhRyCQK%2FEvyAnifKmnMyPIHQX0Ybg1D%2F7OUejCAiEAsiEM2cH7Zvkm%2FAUtH7P4CWVGnsyaBGzmm6OPz3XmrycquwQIAxAEGgwzNDIyMzUyNjg3ODAiDCJG2O14cs%2F8IPwTkyqYBCvCMmRwUjWhfSC0Ykv%2FQjd8l%2F1NYueT%2FGDKiiciGNNivlwtntEi%2BJBU19AN6xRFC6dM4YuBNSp%2FnR909%2FPXyjTV%2BGRtA8%2BWC5t44nQDArCXR0vTHyjJmypQD6LdXNBwciJXFGgU9iiyllTMTvM6M%2BC%2FeUxQd%2F4qJX9zyq7E1L998e%2Bh6PFbZFv5QcHv6w8a%2B1tnrJqowfCCm9nmg8sQ1qnCnmJ8yB4a%2F%2Baaaath1fl5Bx6EwxUf2z8jLCUODaYbxh0VHqziapPuCpJaCg4HKjuQU7XoRn2b3dQdMIrrxFqLp2JD%2BGiEGF4DIzdcnqwxvKfxgssHlUWMYSL2%2BmfXSuYdxG6XJ2B%2BZXY3jzH37L656uUecG7UxLTbTQWLoVZM2nPN%2FrQAW9Dr0rCj8eExQlXvNRS%2BKKtIEk4OFO9arHtegruR5rME83P3JC0rYYXzsYbGhtF7HEaDd2TqRqsLzDMy%2B1wJbi%2BbX%2FPysaPETH7D61WCvkygu9rmAO8pX%2Fc%2Bk5i1lpIwRL64tbkHxse%2FlTO2nx1cF8Rj5UtKnKgmEeO348ERgV5VD7iqcmCyaeLLjdBeMvoqQUmFBeOXWd88eu1fRfNQO4P64KbaHR7M2XJ7qnrXt%2FuFsnv%2B7Vo7Od26phakNK%2FFnELMudQriFCOm8YtMUs1d6Xdx6%2FETGvM1k%2Bc0wcjHU5xvYdmYuJVbR2POHzlGJVboCodMPLo7dQGOqEBRitjdpnBg5LAYvc7CsL8h8NZYMsvX%2FEcUfP1%2BRlCyMP%2FoOFEUIXsTeElmxJSABO%2FWLBsAx%2FtmgV9%2F5A%2Bg9LNKeoNHqE2IguNQGURY1Cvey8vaBtnaGY55cQ%2FhZRr9FDZvNYT7iAbYqrsioPEsOuTnnv%2B0MCtyKGpp8Rvs%2B8ehMmCeTUb1z2czcNs8uqHgFJzbK2N7AOdVxZn4Sl4Nxdcriw%3D
  > Success! Saved to: data\Raw\ResaleFlatPricesBasedonRegistrationDateFromMar2012toDec2014.csv
  > {'code': 0, 'data': {'status': 'DOWNLOAD_SUCCESS', 'url': 'https://s3.ap-southeast-1.amazonaws.com/table-downloads-ingest.data.gov.sg/d_ebc5ab87086db484f88045b47411ebc5/8b4a7028ccf21534dc7a258692e0570d692d98793f3cf485a97ac3ec5d9ee13c.csv?AWSAccessKeyId=ASIAU7LWPY2WAYCVXCXK&Expires=1788581927&Signature=cZIj4OmfDXv0PTwBogowM1F6EBg%3D&X-Amzn-Trace-Id=Root%3D1-6a9b8a17-5f55724309e05fb625555acb%3BParent%3Df477980790298283%3BSampled%3D0%3BLineage%3D1%3Affb76583%3A0&response-content-disposition=attachment%3B%20filename%3D%22ResaleFlatPricesBasedonApprovalDate19901999.csv%22&x-amz-security-token=IQoJb3JpZ2luX2VjEDoaDmFwLXNvdXRoZWFzdC0xIkgwRgIhAIo7i%2BYhRyCQK%2FEvyAnifKmnMyPIHQX0Ybg1D%2F7OUejCAiEAsiEM2cH7Zvkm%2FAUtH7P4CWVGnsyaBGzmm6OPz3XmrycquwQIAxAEGgwzNDIyMzUyNjg3ODAiDCJG2O14cs%2F8IPwTkyqYBCvCMmRwUjWhfSC0Ykv%2FQjd8l%2F1NYueT%2FGDKiiciGNNivlwtntEi%2BJBU19AN6xRFC6dM4YuBNSp%2FnR909%2FPXyjTV%2BGRtA8%2BWC5t44nQDArCXR0vTHyjJmypQD6LdXNBwciJXFGgU9iiyllTMTvM6M%2BC%2FeUxQd%2F4qJX9zyq7E1L998e%2Bh6PFbZFv5QcHv6w8a%2B1tnrJqowfCCm9nmg8sQ1qnCnmJ8yB4a%2F%2Baaaath1fl5Bx6EwxUf2z8jLCUODaYbxh0VHqziapPuCpJaCg4HKjuQU7XoRn2b3dQdMIrrxFqLp2JD%2BGiEGF4DIzdcnqwxvKfxgssHlUWMYSL2%2BmfXSuYdxG6XJ2B%2BZXY3jzH37L656uUecG7UxLTbTQWLoVZM2nPN%2FrQAW9Dr0rCj8eExQlXvNRS%2BKKtIEk4OFO9arHtegruR5rME83P3JC0rYYXzsYbGhtF7HEaDd2TqRqsLzDMy%2B1wJbi%2BbX%2FPysaPETH7D61WCvkygu9rmAO8pX%2Fc%2Bk5i1lpIwRL64tbkHxse%2FlTO2nx1cF8Rj5UtKnKgmEeO348ERgV5VD7iqcmCyaeLLjdBeMvoqQUmFBeOXWd88eu1fRfNQO4P64KbaHR7M2XJ7qnrXt%2FuFsnv%2B7Vo7Od26phakNK%2FFnELMudQriFCOm8YtMUs1d6Xdx6%2FETGvM1k%2Bc0wcjHU5xvYdmYuJVbR2POHzlGJVboCodMPLo7dQGOqEBRitjdpnBg5LAYvc7CsL8h8NZYMsvX%2FEcUfP1%2BRlCyMP%2FoOFEUIXsTeElmxJSABO%2FWLBsAx%2FtmgV9%2F5A%2Bg9LNKeoNHqE2IguNQGURY1Cvey8vaBtnaGY55cQ%2FhZRr9FDZvNYT7iAbYqrsioPEsOuTnnv%2B0MCtyKGpp8Rvs%2B8ehMmCeTUb1z2czcNs8uqHgFJzbK2N7AOdVxZn4Sl4Nxdcriw%3D'}, 'errorMsg': ''}
  > Download URL : https://s3.ap-southeast-1.amazonaws.com/table-downloads-ingest.data.gov.sg/d_ebc5ab87086db484f88045b47411ebc5/8b4a7028ccf21534dc7a258692e0570d692d98793f3cf485a97ac3ec5d9ee13c.csv?AWSAccessKeyId=ASIAU7LWPY2WAYCVXCXK&Expires=1788581927&Signature=cZIj4OmfDXv0PTwBogowM1F6EBg%3D&X-Amzn-Trace-Id=Root%3D1-6a9b8a17-5f55724309e05fb625555acb%3BParent%3Df477980790298283%3BSampled%3D0%3BLineage%3D1%3Affb76583%3A0&response-content-disposition=attachment%3B%20filename%3D%22ResaleFlatPricesBasedonApprovalDate19901999.csv%22&x-amz-security-token=IQoJb3JpZ2luX2VjEDoaDmFwLXNvdXRoZWFzdC0xIkgwRgIhAIo7i%2BYhRyCQK%2FEvyAnifKmnMyPIHQX0Ybg1D%2F7OUejCAiEAsiEM2cH7Zvkm%2FAUtH7P4CWVGnsyaBGzmm6OPz3XmrycquwQIAxAEGgwzNDIyMzUyNjg3ODAiDCJG2O14cs%2F8IPwTkyqYBCvCMmRwUjWhfSC0Ykv%2FQjd8l%2F1NYueT%2FGDKiiciGNNivlwtntEi%2BJBU19AN6xRFC6dM4YuBNSp%2FnR909%2FPXyjTV%2BGRtA8%2BWC5t44nQDArCXR0vTHyjJmypQD6LdXNBwciJXFGgU9iiyllTMTvM6M%2BC%2FeUxQd%2F4qJX9zyq7E1L998e%2Bh6PFbZFv5QcHv6w8a%2B1tnrJqowfCCm9nmg8sQ1qnCnmJ8yB4a%2F%2Baaaath1fl5Bx6EwxUf2z8jLCUODaYbxh0VHqziapPuCpJaCg4HKjuQU7XoRn2b3dQdMIrrxFqLp2JD%2BGiEGF4DIzdcnqwxvKfxgssHlUWMYSL2%2BmfXSuYdxG6XJ2B%2BZXY3jzH37L656uUecG7UxLTbTQWLoVZM2nPN%2FrQAW9Dr0rCj8eExQlXvNRS%2BKKtIEk4OFO9arHtegruR5rME83P3JC0rYYXzsYbGhtF7HEaDd2TqRqsLzDMy%2B1wJbi%2BbX%2FPysaPETH7D61WCvkygu9rmAO8pX%2Fc%2Bk5i1lpIwRL64tbkHxse%2FlTO2nx1cF8Rj5UtKnKgmEeO348ERgV5VD7iqcmCyaeLLjdBeMvoqQUmFBeOXWd88eu1fRfNQO4P64KbaHR7M2XJ7qnrXt%2FuFsnv%2B7Vo7Od26phakNK%2FFnELMudQriFCOm8YtMUs1d6Xdx6%2FETGvM1k%2Bc0wcjHU5xvYdmYuJVbR2POHzlGJVboCodMPLo7dQGOqEBRitjdpnBg5LAYvc7CsL8h8NZYMsvX%2FEcUfP1%2BRlCyMP%2FoOFEUIXsTeElmxJSABO%2FWLBsAx%2FtmgV9%2F5A%2Bg9LNKeoNHqE2IguNQGURY1Cvey8vaBtnaGY55cQ%2FhZRr9FDZvNYT7iAbYqrsioPEsOuTnnv%2B0MCtyKGpp8Rvs%2B8ehMmCeTUb1z2czcNs8uqHgFJzbK2N7AOdVxZn4Sl4Nxdcriw%3D
  > Success! Saved to: data\Raw\ResaleFlatPricesBasedonApprovalDate19901999.csv
  > {'code': 0, 'data': {'status': 'DOWNLOAD_SUCCESS', 'url': 'https://s3.ap-southeast-1.amazonaws.com/table-downloads-ingest.data.gov.sg/d_ea9ed51da2787afaf8e51f827c304208/256c84a6d38a8666e7bd72fbdd36fae6c641aa088852dcd4004941f3d648094e.csv?AWSAccessKeyId=ASIAU7LWPY2WAYCVXCXK&Expires=1788581930&Signature=Iu%2Ffa%2FxVSuSwj6ra1VgVXHy%2BYiw%3D&X-Amzn-Trace-Id=Root%3D1-6a9b8a1a-5c57869a2bafe9597afbd93c%3BParent%3D4ded64df37882d97%3BSampled%3D0%3BLineage%3D1%3Affb76583%3A0&response-content-disposition=attachment%3B%20filename%3D%22ResaleFlatPricesBasedonRegistrationDateFromJan2015toDec2016.csv%22&x-amz-security-token=IQoJb3JpZ2luX2VjEDoaDmFwLXNvdXRoZWFzdC0xIkgwRgIhAIo7i%2BYhRyCQK%2FEvyAnifKmnMyPIHQX0Ybg1D%2F7OUejCAiEAsiEM2cH7Zvkm%2FAUtH7P4CWVGnsyaBGzmm6OPz3XmrycquwQIAxAEGgwzNDIyMzUyNjg3ODAiDCJG2O14cs%2F8IPwTkyqYBCvCMmRwUjWhfSC0Ykv%2FQjd8l%2F1NYueT%2FGDKiiciGNNivlwtntEi%2BJBU19AN6xRFC6dM4YuBNSp%2FnR909%2FPXyjTV%2BGRtA8%2BWC5t44nQDArCXR0vTHyjJmypQD6LdXNBwciJXFGgU9iiyllTMTvM6M%2BC%2FeUxQd%2F4qJX9zyq7E1L998e%2Bh6PFbZFv5QcHv6w8a%2B1tnrJqowfCCm9nmg8sQ1qnCnmJ8yB4a%2F%2Baaaath1fl5Bx6EwxUf2z8jLCUODaYbxh0VHqziapPuCpJaCg4HKjuQU7XoRn2b3dQdMIrrxFqLp2JD%2BGiEGF4DIzdcnqwxvKfxgssHlUWMYSL2%2BmfXSuYdxG6XJ2B%2BZXY3jzH37L656uUecG7UxLTbTQWLoVZM2nPN%2FrQAW9Dr0rCj8eExQlXvNRS%2BKKtIEk4OFO9arHtegruR5rME83P3JC0rYYXzsYbGhtF7HEaDd2TqRqsLzDMy%2B1wJbi%2BbX%2FPysaPETH7D61WCvkygu9rmAO8pX%2Fc%2Bk5i1lpIwRL64tbkHxse%2FlTO2nx1cF8Rj5UtKnKgmEeO348ERgV5VD7iqcmCyaeLLjdBeMvoqQUmFBeOXWd88eu1fRfNQO4P64KbaHR7M2XJ7qnrXt%2FuFsnv%2B7Vo7Od26phakNK%2FFnELMudQriFCOm8YtMUs1d6Xdx6%2FETGvM1k%2Bc0wcjHU5xvYdmYuJVbR2POHzlGJVboCodMPLo7dQGOqEBRitjdpnBg5LAYvc7CsL8h8NZYMsvX%2FEcUfP1%2BRlCyMP%2FoOFEUIXsTeElmxJSABO%2FWLBsAx%2FtmgV9%2F5A%2Bg9LNKeoNHqE2IguNQGURY1Cvey8vaBtnaGY55cQ%2FhZRr9FDZvNYT7iAbYqrsioPEsOuTnnv%2B0MCtyKGpp8Rvs%2B8ehMmCeTUb1z2czcNs8uqHgFJzbK2N7AOdVxZn4Sl4Nxdcriw%3D'}, 'errorMsg': ''}
  > Download URL : https://s3.ap-southeast-1.amazonaws.com/table-downloads-ingest.data.gov.sg/d_ea9ed51da2787afaf8e51f827c304208/256c84a6d38a8666e7bd72fbdd36fae6c641aa088852dcd4004941f3d648094e.csv?AWSAccessKeyId=ASIAU7LWPY2WAYCVXCXK&Expires=1788581930&Signature=Iu%2Ffa%2FxVSuSwj6ra1VgVXHy%2BYiw%3D&X-Amzn-Trace-Id=Root%3D1-6a9b8a1a-5c57869a2bafe9597afbd93c%3BParent%3D4ded64df37882d97%3BSampled%3D0%3BLineage%3D1%3Affb76583%3A0&response-content-disposition=attachment%3B%20filename%3D%22ResaleFlatPricesBasedonRegistrationDateFromJan2015toDec2016.csv%22&x-amz-security-token=IQoJb3JpZ2luX2VjEDoaDmFwLXNvdXRoZWFzdC0xIkgwRgIhAIo7i%2BYhRyCQK%2FEvyAnifKmnMyPIHQX0Ybg1D%2F7OUejCAiEAsiEM2cH7Zvkm%2FAUtH7P4CWVGnsyaBGzmm6OPz3XmrycquwQIAxAEGgwzNDIyMzUyNjg3ODAiDCJG2O14cs%2F8IPwTkyqYBCvCMmRwUjWhfSC0Ykv%2FQjd8l%2F1NYueT%2FGDKiiciGNNivlwtntEi%2BJBU19AN6xRFC6dM4YuBNSp%2FnR909%2FPXyjTV%2BGRtA8%2BWC5t44nQDArCXR0vTHyjJmypQD6LdXNBwciJXFGgU9iiyllTMTvM6M%2BC%2FeUxQd%2F4qJX9zyq7E1L998e%2Bh6PFbZFv5QcHv6w8a%2B1tnrJqowfCCm9nmg8sQ1qnCnmJ8yB4a%2F%2Baaaath1fl5Bx6EwxUf2z8jLCUODaYbxh0VHqziapPuCpJaCg4HKjuQU7XoRn2b3dQdMIrrxFqLp2JD%2BGiEGF4DIzdcnqwxvKfxgssHlUWMYSL2%2BmfXSuYdxG6XJ2B%2BZXY3jzH37L656uUecG7UxLTbTQWLoVZM2nPN%2FrQAW9Dr0rCj8eExQlXvNRS%2BKKtIEk4OFO9arHtegruR5rME83P3JC0rYYXzsYbGhtF7HEaDd2TqRqsLzDMy%2B1wJbi%2BbX%2FPysaPETH7D61WCvkygu9rmAO8pX%2Fc%2Bk5i1lpIwRL64tbkHxse%2FlTO2nx1cF8Rj5UtKnKgmEeO348ERgV5VD7iqcmCyaeLLjdBeMvoqQUmFBeOXWd88eu1fRfNQO4P64KbaHR7M2XJ7qnrXt%2FuFsnv%2B7Vo7Od26phakNK%2FFnELMudQriFCOm8YtMUs1d6Xdx6%2FETGvM1k%2Bc0wcjHU5xvYdmYuJVbR2POHzlGJVboCodMPLo7dQGOqEBRitjdpnBg5LAYvc7CsL8h8NZYMsvX%2FEcUfP1%2BRlCyMP%2FoOFEUIXsTeElmxJSABO%2FWLBsAx%2FtmgV9%2F5A%2Bg9LNKeoNHqE2IguNQGURY1Cvey8vaBtnaGY55cQ%2FhZRr9FDZvNYT7iAbYqrsioPEsOuTnnv%2B0MCtyKGpp8Rvs%2B8ehMmCeTUb1z2czcNs8uqHgFJzbK2N7AOdVxZn4Sl4Nxdcriw%3D
  > Success! Saved to: data\Raw\ResaleFlatPricesBasedonRegistrationDateFromJan2015toDec2016.csv
  > --- All Downloads Complete! ---
  > Here are your downloaded files:
  > data\Raw\ResaleflatpricesbasedonregistrationdatefromJan2017onwards.csv
  > data\Raw\ResaleFlatPricesBasedonApprovalDate2000Feb2012.csv
  > data\Raw\ResaleFlatPricesBasedonRegistrationDateFromMar2012toDec2014.csv
  > data\Raw\ResaleFlatPricesBasedonApprovalDate19901999.csv
  > data\Raw\ResaleFlatPricesBasedonRegistrationDateFromJan2015toDec2016.csv

Finished 001_Download.ipynb!

==========================================================================================
Running 002_File_Process.ipynb
==========================================================================================
  > Headers per file:
  > ResaleFlatPricesBasedonApprovalDate19901999.csv: ['month', 'town', 'flat_type', 'block', 'street_name', 'storey_range', 'floor_area_sqm', 'flat_model', 'lease_commence_date', 'resale_price']
  > ResaleFlatPricesBasedonApprovalDate2000Feb2012.csv: ['month', 'town', 'flat_type', 'block', 'street_name', 'storey_range', 'floor_area_sqm', 'flat_model', 'lease_commence_date', 'resale_price']
  > ResaleFlatPricesBasedonRegistrationDateFromJan2015toDec2016.csv: ['month', 'town', 'flat_type', 'block', 'street_name', 'storey_range', 'floor_area_sqm', 'flat_model', 'lease_commence_date', 'remaining_lease', 'resale_price']
  > ResaleFlatPricesBasedonRegistrationDateFromMar2012toDec2014.csv: ['month', 'town', 'flat_type', 'block', 'street_name', 'storey_range', 'floor_area_sqm', 'flat_model', 'lease_commence_date', 'resale_price']
  > ResaleflatpricesbasedonregistrationdatefromJan2017onwards.csv: ['month', 'town', 'flat_type', 'block', 'street_name', 'storey_range', 'floor_area_sqm', 'flat_model', 'lease_commence_date', 'remaining_lease', 'resale_price']
  > Input files are: ['data/Raw/ResaleFlatPricesBasedonApprovalDate19901999.csv', 'data/Raw/ResaleFlatPricesBasedonApprovalDate2000Feb2012.csv', 'data/Raw/ResaleFlatPricesBasedonRegistrationDateFromJan2015toDec2016.csv', 'data/Raw/ResaleFlatPricesBasedonRegistrationDateFromMar2012toDec2014.csv', 'data/Raw/ResaleflatpricesbasedonregistrationdatefromJan2017onwards.csv']
  > Success! Wrote to data\Combined\resale_flat_prices_2012_01_to_2016_12.parquet (0.59 MB)

Finished 002_File_Process.ipynb!

==========================================================================================
Running 003_DataProfile_Validation.ipynb
==========================================================================================
  > C:\Keerthi\Carrier\HDB\Interview\Code\venv\Lib\site-packages\tqdm\auto.py:21: TqdmWarning: IProgress not found. Please update jupyter and ipywidgets. See https://ipywidgets.readthedocs.io/en/stable/user_install.html
  > from .autonotebook import tqdm as notebook_tqdm
  > C:\Users\keert\AppData\Local\Temp\ipykernel_41200\4069064827.py:3: DeprecationWarning:
  > `import ydata_profiling` is deprecated and will not receive more updates.
  > Please install fg-data-profiling via `pip install fg-data-profiling` and use `import data_profiling` instead.
  > from ydata_profiling import ProfileReport
  > Generating automated profiling HTML report...
  > Saved automated report to: HDB_Profiling_Report.html
  > === Structure and Completeness ===
  > column data_type  total_missing  unique_values
  > 0                 month    object              0             60
  > 1                  town    object              0             26
  > 2             flat_type    object              0              7
  > 3                 block    object              0           2139
  > 4           street_name    object              0            522
  > 5          storey_range    object              0             25
  > 6        floor_area_sqm   float64              0            168
  > 7            flat_model    object              0             20
  > 8   lease_commence_date     int64              0             48
  > 9          resale_price   float64              0           2615
  > 10      remaining_lease    object          55391             50
  > === Numeric Distribution ===
  > column  count       min       p01    median       mean  \
  > 0       floor_area_sqm  92544      31.0      50.0      95.0      96.57
  > 1         resale_price  92544  190000.0  260000.0  428000.0  450938.97
  > 2  lease_commence_date  92544    1966.0    1969.0    1988.0    1990.07
  > 3      remaining_lease  37153      48.0      51.0      72.0      73.91
  > p99        max        std
  > 0     151.0      280.0      24.68
  > 1  848000.0  1150000.0  128181.30
  > 2    2012.0     2013.0      10.45
  > 3      95.0       97.0      10.89
  > === Categorical Vocabulary Analysis ===
  > Top values for: town (Total unique: 26)
  > count
  > town
  > JURONG WEST   7573
  > WOODLANDS     7399
  > TAMPINES      6728
  > BEDOK         6071
  > YISHUN        5937
  > Top values for: flat_type (Total unique: 7)
  > count
  > flat_type
  > 4 ROOM     36535
  > 3 ROOM     26307
  > 5 ROOM     21368
  > EXECUTIVE   7295
  > 2 ROOM       956
  > Top values for: flat_model (Total unique: 20)
  > count
  > flat_model
  > Model A            26447
  > Improved           24117
  > New Generation     16495
  > Premium Apartment   8314
  > Simplified          5152
  > === Storey Range Evolution (Months Active per Scheme) ===
  > storey_range  unique_months_count  \
  > 0      01 TO 03                   57
  > 1      01 TO 05                    3
  > 2      04 TO 06                   57
  > 3      06 TO 10                    3
  > 4      07 TO 09                   57
  > 5      10 TO 12                   57
  > 6      11 TO 15                    3
  > 7      13 TO 15                   57
  > 8      16 TO 18                   57
  > 9      16 TO 20                    3
  > 10     19 TO 21                   57
  > 11     21 TO 25                    3
  > 12     22 TO 24                   57
  > 13     25 TO 27                   57
  > 14     26 TO 30                    3
  > 15     28 TO 30                   56
  > 16     31 TO 33                   41
  > 17     31 TO 35                    1
  > 18     34 TO 36                   39
  > 19     36 TO 40                    3
  > 20     37 TO 39                   38
  > 21     40 TO 42                   25
  > 22     43 TO 45                    6
  > 23     46 TO 48                    7
  > 24     49 TO 51                    2
  > months_active
  > 0   [2012-01, 2012-02, 2012-06, 2012-07, 2012-08, ...
  > 1                         [2012-03, 2012-04, 2012-05]
  > 2   [2012-01, 2012-02, 2012-06, 2012-07, 2012-08, ...
  > 3                         [2012-03, 2012-04, 2012-05]
  > 4   [2012-01, 2012-02, 2012-06, 2012-07, 2012-08, ...
  > 5   [2012-01, 2012-02, 2012-06, 2012-07, 2012-08, ...
  > 6                         [2012-03, 2012-04, 2012-05]
  > 7   [2012-01, 2012-02, 2012-06, 2012-07, 2012-08, ...
  > 8   [2012-01, 2012-02, 2012-06, 2012-07, 2012-08, ...
  > 9                         [2012-03, 2012-04, 2012-05]
  > 10  [2012-01, 2012-02, 2012-06, 2012-07, 2012-08, ...
  > 11                        [2012-03, 2012-04, 2012-05]
  > 12  [2012-01, 2012-02, 2012-06, 2012-07, 2012-08, ...
  > 13  [2012-01, 2012-02, 2012-06, 2012-07, 2012-08, ...
  > 14                        [2012-03, 2012-04, 2012-05]
  > 15  [2012-01, 2012-02, 2012-06, 2012-07, 2012-08, ...
  > 16  [2012-01, 2012-02, 2012-07, 2012-08, 2012-12, ...
  > 17                                          [2012-04]
  > 18  [2012-01, 2012-06, 2012-07, 2012-08, 2012-09, ...
  > 19                        [2012-03, 2012-04, 2012-05]
  > 20  [2012-02, 2012-06, 2012-07, 2012-08, 2012-10, ...
  > 21  [2012-12, 2013-08, 2013-11, 2014-07, 2014-08, ...
  > 22  [2015-02, 2015-05, 2015-07, 2015-09, 2015-11, ...
  > 23  [2015-01, 2015-04, 2015-06, 2015-09, 2016-02, ...
  > 24                                 [2015-07, 2016-02]
  > Clean Records: 90,947
  > Quarantined Records: 1,597
  > === Clean Output Preview (Key & Lease) ===
  > month             town flat_type block    street_name storey_range  \
  > 91881  2016-12  KALLANG/WHAMPOA    3 ROOM    57     JLN MA'MOR     01 TO 03
  > 86699  2016-09     CENTRAL AREA    5 ROOM    1G  CANTONMENT RD     43 TO 45
  > 89989  2016-11     CENTRAL AREA    5 ROOM    1D  CANTONMENT RD     46 TO 48
  > 85402  2016-08  KALLANG/WHAMPOA    5 ROOM     8   BOON KENG RD     28 TO 30
  > 89988  2016-11     CENTRAL AREA    5 ROOM    1B  CANTONMENT RD     31 TO 33
  > floor_area_sqm flat_model  lease_commence_date  resale_price  \
  > 91881           259.0    Terrace                 1972     1150000.0
  > 86699           106.0    Type S2                 2011     1120000.0
  > 89989           107.0    Type S2                 2011     1100000.0
  > 85402           119.0       DBSS                 2011     1100000.0
  > 89988           106.0    Type S2                 2011     1100000.0
  > remaining_lease                                      composite_key  \
  > 91881  54 years 01 months  2016-12|KALLANG/WHAMPOA|3 ROOM|57|JLN MA'MOR|0...
  > 86699  93 years 04 months  2016-09|CENTRAL AREA|5 ROOM|1G|CANTONMENT RD|4...
  > 89989  93 years 02 months  2016-11|CENTRAL AREA|5 ROOM|1D|CANTONMENT RD|4...
  > 85402  93 years 05 months  2016-08|KALLANG/WHAMPOA|5 ROOM|8|BOON KENG RD|...
  > 89988  93 years 02 months  2016-11|CENTRAL AREA|5 ROOM|1B|CANTONMENT RD|3...
  > is_duplicate                               data_quality_comment
  > 91881         False                   Valid (Passes Jan 2012 Baseline)
  > 86699         False  Town, Flat Model, storey violates against 2012...
  > 89989         False  Town, Flat Model, storey violates against 2012...
  > 85402         False  Town, Flat Model, storey violates against 2012...
  > 89988         False  Town, Flat Model, storey violates against 2012...
  > === Quarantined Records ===
  > month          town  flat_type block      street_name storey_range  \
  > 31982  2013-07   BUKIT TIMAH  EXECUTIVE     7        TOH YI DR     04 TO 06
  > 74780  2016-02  CENTRAL AREA     4 ROOM    1B    CANTONMENT RD     49 TO 51
  > 70687  2015-11  CENTRAL AREA     4 ROOM    1A    CANTONMENT RD     37 TO 39
  > 64446  2015-07  CENTRAL AREA     4 ROOM    1G    CANTONMENT RD     49 TO 51
  > 32888  2013-07     TOA PAYOH     5 ROOM    81  LOR 4 TOA PAYOH     19 TO 21
  > floor_area_sqm  flat_model  lease_commence_date  resale_price  \
  > 31982           146.0  Maisonette                 1989      950000.0
  > 74780            94.0     Type S1                 2011      938880.0
  > 70687            95.0     Type S1                 2011      915000.0
  > 64446            94.0     Type S1                 2011      910000.0
  > 32888           122.0    Improved                 1997      880000.0
  > remaining_lease                                      composite_key  \
  > 31982            None  2013-07|BUKIT TIMAH|EXECUTIVE|7|TOH YI DR|04 T...
  > 74780              93  2016-02|CENTRAL AREA|4 ROOM|1B|CANTONMENT RD|4...
  > 70687              94  2015-11|CENTRAL AREA|4 ROOM|1A|CANTONMENT RD|3...
  > 64446              94  2015-07|CENTRAL AREA|4 ROOM|1G|CANTONMENT RD|4...
  > 32888            None  2013-07|TOA PAYOH|5 ROOM|81|LOR 4 TOA PAYOH|19...
  > data_quality_comment
  > 31982                     Duplicate Record (Lower Price)
  > 74780  Town, Flat Model, storey violates against 2012...
  > 70687                     Duplicate Record (Lower Price)
  > 64446  Town, Flat Model, storey violates against 2012...
  > 32888                     Duplicate Record (Lower Price)
  > Clean Records Exported      : 90,947
  > Quarantined Records Exported: 1,597
  > === Clean Records Anomaly Breakdown ===
  > anomaly_status
  > Normal               59679
  > Insufficient Data    28752
  > Anomaly - Higher      1302
  > Anomaly - Lower       1214
  > Name: count, dtype: int64

Finished 003_DataProfile_Validation.ipynb!

==========================================================================================
Running 004_DataTransformation.ipynb
==========================================================================================
  > Active key loaded: APP_PEPPER_V2 (Version: V2)
  > Successfully generated: data\Transformed\Transformed.parquet
  > Successfully generated: data\Hashed\Hashed.parquet
  > resale_identifier hash_version  \
  > 0         S0135809K           V2
  > 1         S8135809K           V2
  > 2         S6815809K           V2
  > 3         S0095809K           V2
  > 4         S0053109P           V2
  > hashed_resale_identifier
  > 0  a855b2ab6bdedcf556dd93d00676727bb6022020a3cc50...
  > 1  d55d6c405e48d2bec7dd9b495a8f13843b77168f2d143e...
  > 2  81cdf185d8925b3a7f3c852b2d4bcd614e9bffff67bf83...
  > 3  46be09d929e8c1d785c31d672c32906676d4d512880eab...
  > 4  95ef640de8b1f369ef92ee4390e3cb8fed4b72a8947b08...

Finished 004_DataTransformation.ipynb!

Pipeline took 43.9 seconds to run.

